"User created: 1" // tests\Feature\BackendIntegrationTest.php:21
"Token created" // tests\Feature\BackendIntegrationTest.php:25
"Tenant created: 1" // tests\Feature\BackendIntegrationTest.php:32
"About to POST to /api/pages" // tests\Feature\BackendIntegrationTest.php:34
"POST http://localhost/api/pages" // tests\Feature\BackendIntegrationTest.php:56
"""
#0 D:\Projetos\meetrix\vendor\laravel\framework\src\Illuminate\Foundation\Http\Kernel.php(575): Illuminate\Contracts\Debug\ExceptionHandler@anonymous->render(Object(Illuminate\Http\Request), Object(Symfony\Component\HttpKernel\Exception\NotFoundHttpException))\n
#1 D:\Projetos\meetrix\vendor\laravel\framework\src\Illuminate\Foundation\Http\Kernel.php(149): Illuminate\Foundation\Http\Kernel->renderException(Object(Illuminate\Http\Request), Object(Symfony\Component\HttpKernel\Exception\NotFoundHttpException))\n
#2 D:\Projetos\meetrix\vendor\laravel\framework\src\Illuminate\Foundation\Testing\Concerns\MakesHttpRequests.php(607): Illuminate\Foundation\Http\Kernel->handle(Object(Illuminate\Http\Request))\n
#3 D:\Projetos\meetrix\vendor\laravel\framework\src\Illuminate\Foundation\Testing\Concerns\MakesHttpRequests.php(573): Illuminate\Foundation\Testing\TestCase->call('POST', '/api/pages', Array, Array, Array, Array, '{"title":"Consu...')\n
#4 D:\Projetos\meetrix\vendor\laravel\framework\src\Illuminate\Foundation\Testing\Concerns\MakesHttpRequests.php(411): Illuminate\Foundation\Testing\TestCase->json('POST', '/api/pages', Array, Array, 0)\n
#5 D:\Projetos\meetrix\tests\Feature\BackendIntegrationTest.php(37): Illuminate\Foundation\Testing\TestCase->postJson('/api/pages', Array)\n
#6 D:\Projetos\meetrix\vendor\phpunit\phpunit\src\Framework\TestCase.php(1548): Tests\Feature\BackendIntegrationTest->test_user_can_create_scheduling_page()\n
#7 D:\Projetos\meetrix\vendor\phpunit\phpunit\src\Framework\TestCase.php(686): PHPUnit\Framework\TestCase->runTest()\n
#8 D:\Projetos\meetrix\vendor\phpunit\phpunit\src\Framework\TestRunner.php(106): PHPUnit\Framework\TestCase->runBare()\n
#9 D:\Projetos\meetrix\vendor\phpunit\phpunit\src\Framework\TestCase.php(516): PHPUnit\Framework\TestRunner->run(Object(Tests\Feature\BackendIntegrationTest))\n
#10 D:\Projetos\meetrix\vendor\phpunit\phpunit\src\Framework\TestSuite.php(374): PHPUnit\Framework\TestCase->run()\n
#11 D:\Projetos\meetrix\vendor\phpunit\phpunit\src\TextUI\TestRunner.php(64): PHPUnit\Framework\TestSuite->run()\n
#12 D:\Projetos\meetrix\vendor\phpunit\phpunit\src\TextUI\Application.php(204): PHPUnit\TextUI\TestRunner->run(Object(PHPUnit\TextUI\Configuration\Configuration), Object(PHPUnit\Runner\ResultCache\DefaultResultCache), Object(PHPUnit\Framework\TestSuite))\n
#13 D:\Projetos\meetrix\vendor\phpunit\phpunit\phpunit(104): PHPUnit\TextUI\Application->run(Array)\n
#14 {main}
""" // tests\Feature\BackendIntegrationTest.php:57

   FAIL  Tests\Feature\BackendIntegrationTest
  Ô¿» user can create scheduling page     0.87s  
  ÔöÇÔöÇÔöÇÔöÇÔöÇÔöÇÔöÇÔöÇÔöÇÔöÇÔöÇÔöÇÔöÇÔöÇÔöÇÔöÇÔöÇÔöÇÔöÇÔöÇÔöÇÔöÇÔöÇÔöÇÔöÇÔöÇÔöÇÔöÇÔöÇÔöÇÔöÇÔöÇÔöÇÔöÇÔöÇÔöÇÔöÇÔöÇÔöÇÔöÇÔöÇÔöÇÔöÇ  
   FAILED  Tests\FeaÔÇª  NotFoundHttpException   
  POST http://localhost/api/pages

  at vendor\laravel\framework\src\Illuminate\Foundation\Http\Kernel.php:575
    571Ôûò      * @return \Symfony\Component\HttpFoundation\Response
    572Ôûò      */
    573Ôûò     protected function renderException($request, Throwable $e)
    574Ôûò     {
  Ô×£ 575Ôûò         return $this->app[ExceptionHandler::class]->render($request, $e);
    576Ôûò     }
    577Ôûò 
    578Ôûò     /**
    579Ôûò      * Get the application's global middleware.

  1   vendor\laravel\framework\src\Illuminate\Foundation\Http\Kernel.php:149
  2   vendor\laravel\framework\src\Illuminate\Routing\Pipeline.php:51


  Tests:    1 failed (0 assertions)
  Duration: 0.97s

